Copyright 1986-2017 Xilinx, Inc. All Rights Reserved.
------------------------------------------------------------------------------------
| Tool Version : Vivado v.2017.4 (win64) Build 2086221 Fri Dec 15 20:55:39 MST 2017
| Date         : Mon Apr 13 11:41:21 2026
| Host         : ws11-12 running 64-bit major release  (build 9200)
| Command      : report_control_sets -verbose -file top_control_sets_placed.rpt
| Design       : top
| Device       : xc7a35t
------------------------------------------------------------------------------------

Control Set Information

Table of Contents
-----------------
1. Summary
2. Flip-Flop Distribution
3. Detailed Control Set Information

1. Summary
----------

+----------------------------------------------------------+-------+
|                          Status                          | Count |
+----------------------------------------------------------+-------+
| Number of unique control sets                            |    15 |
| Unused register locations in slices containing registers |    19 |
+----------------------------------------------------------+-------+


2. Flip-Flop Distribution
-------------------------

+--------------+-----------------------+------------------------+-----------------+--------------+
| Clock Enable | Synchronous Set/Reset | Asynchronous Set/Reset | Total Registers | Total Slices |
+--------------+-----------------------+------------------------+-----------------+--------------+
| No           | No                    | No                     |               1 |            1 |
| No           | No                    | Yes                    |               0 |            0 |
| No           | Yes                   | No                     |             132 |           70 |
| Yes          | No                    | No                     |              32 |           14 |
| Yes          | No                    | Yes                    |               0 |            0 |
| Yes          | Yes                   | No                     |             144 |           58 |
+--------------+-----------------------+------------------------+-----------------+--------------+


3. Detailed Control Set Information
-----------------------------------

+----------------+----------------------------------+---------------------------------+------------------+----------------+
|  Clock Signal  |           Enable Signal          |         Set/Reset Signal        | Slice Load Count | Bel Load Count |
+----------------+----------------------------------+---------------------------------+------------------+----------------+
|  clk_IBUF_BUFG |                                  |                                 |                1 |              1 |
|  clk_IBUF_BUFG | cpu/pr4/reg_file_reg[2][15][0]   | cpu/mreg/reset                  |                4 |             16 |
|  clk_IBUF_BUFG | cpu/pr4/reg_file_reg[6][15][0]   | cpu/mreg/reset                  |                5 |             16 |
|  clk_IBUF_BUFG | cpu/pr4/reg_file_reg[5][15][0]   | cpu/mreg/reset                  |                6 |             16 |
|  clk_IBUF_BUFG | cpu/pr4/reg_file_reg[4][15][0]   | cpu/mreg/reset                  |                6 |             16 |
|  clk_IBUF_BUFG | cpu/pr4/reg_file_reg[7][15][0]   | cpu/mreg/reset                  |                9 |             16 |
|  clk_IBUF_BUFG | cpu/pr4/reg_file_reg[0][15][0]   | cpu/mreg/reset                  |                4 |             16 |
|  clk_IBUF_BUFG | cpu/pr4/reg_file_reg[3][15][0]   | cpu/mreg/reset                  |               10 |             16 |
|  clk_IBUF_BUFG | cpu/pr4/E[0]                     | cpu/mreg/reset                  |               11 |             16 |
|  clk_IBUF_BUFG | cpu/pr1/E[0]                     |                                 |                9 |             16 |
|  clk_IBUF_BUFG | cpu/pr3/mem_addr_reg[15]_i_2_n_0 | cpu/pr2/mem_addr_reg_reg[15]    |                3 |             16 |
|  clk_IBUF_BUFG | cpu/pr3/E[0]                     |                                 |                5 |             16 |
|  clk_IBUF_BUFG |                                  | cpu/pr1/instr_if_id[15]_i_1_n_0 |               11 |             32 |
|  clk_IBUF_BUFG |                                  | cpu/mreg/reset                  |               32 |             42 |
|  clk_IBUF_BUFG |                                  | cpu/pr2/instr_reg[15]_i_1_n_0   |               27 |             58 |
+----------------+----------------------------------+---------------------------------+------------------+----------------+


+--------+-----------------------+
| Fanout | Number of ControlSets |
+--------+-----------------------+
| 1      |                     1 |
| 16+    |                    14 |
+--------+-----------------------+


